// Jest Snapshot v1, https://goo.gl/fbAQLP

exports[`<Village /> Snapshotesting completed <Village /> 1`] = `ShallowWrapper {}`;
